I'm sorry, but errors were detected in your script. Please correct the
errors listed below, and try again.


File "game/script.rpy", line 17: expected ':' not found.
    label start
               ^

Ren'Py Version: Ren'Py 8.3.2.24090902
Tue Oct 29 14:42:33 2024
